---
# Source: infra/templates/application.yaml
apiVersion: argoproj.io/v1alpha1
kind: Application
metadata:
  name: test-bitnami-nginx
  namespace: argocd
  finalizers:
    - resources-finalizer.argocd.argoproj.io
spec:
  destination:
    server: https://kubernetes.default.svc
    namespace: test-bitnami-nginx
  project: default
  syncPolicy:
    automated:
      prune: true
      selfHeal: false
  source:
    path: ''
    repoURL: https://charts.bitnami.com/bitnami
    targetRevision: 15.14.0
    chart: nginx