---
# Source: infra/templates/extra-manifests.yaml
apiVersion: metallb.io/v1beta1
kind: IPAddressPool
metadata:
  name: primary
  namespace: metallb-system
spec:
  addresses:
  - 192.168.121.248/30