---
# Source: infra/templates/namespace.yaml
apiVersion: v1
kind: Namespace
metadata:
  name: test-ns
  annotations:
    argocd.argoproj.io/sync-wave: "-1"